// Jest Snapshot v1, https://goo.gl/fbAQLP

exports[`the OverlayBackgroundImage component should render 1`] = `
<View
  onLayout={[Function]}
  pointerEvents="box-none"
  style={
    Object {
      "bottom": 0,
      "left": 0,
      "paddingBottom": 0,
      "paddingLeft": 0,
      "paddingRight": 0,
      "paddingTop": 20,
      "position": "absolute",
      "right": 0,
      "top": 0,
    }
  }
>
  <View
    onLayout={[Function]}
    style={
      Object {
        "flex": 1,
      }
    }
  />
  <View
    style={
      Object {
        "bottom": 0,
        "left": 0,
        "position": "absolute",
        "right": 0,
        "top": 0,
      }
    }
  >
    <View
      onLayout={[Function]}
      style={
        Object {
          "aspectRatio": 1,
          "width": "100%",
        }
      }
    >
      <View
        containerWidth={750}
        rounded={true}
        style={
          Object {
            "borderRadius": 3000,
            "bottom": 0,
            "left": "-200%",
            "overflow": "hidden",
            "position": "absolute",
            "right": "-200%",
            "top": "-400%",
          }
        }
      >
        <View
          style={
            Object {
              "bottom": 0,
              "height": "20%",
              "left": "40%",
              "overflow": "hidden",
              "position": "absolute",
              "right": "40%",
            }
          }
        >
          <View
            style={
              Object {
                "backgroundColor": "red",
                "bottom": 0,
                "left": 0,
                "overflow": "hidden",
                "position": "absolute",
                "right": 0,
                "top": 0,
                "width": "100%",
              }
            }
          >
            <View
              style={
                Array [
                  Object {
                    "overflow": "hidden",
                  },
                  Array [
                    Object {},
                    Object {
                      "backgroundColor": "#A5A5A5",
                      "bottom": 0,
                      "left": 0,
                      "position": "absolute",
                      "resizeMode": "cover",
                      "right": 0,
                      "top": 0,
                      "width": "100%",
                    },
                  ],
                ]
              }
            >
              <FastImageView
                onFastImageLoad={[Function]}
                resizeMode="cover"
                source={
                  Object {
                    "uri": "https://picsum.photos/600/600",
                  }
                }
                style={
                  Object {
                    "bottom": 0,
                    "left": 0,
                    "position": "absolute",
                    "right": 0,
                    "top": 0,
                  }
                }
              />
            </View>
            <BVLinearGradient
              colors={
                Array [
                  1711302509,
                  4278216557,
                ]
              }
              endPoint={
                Object {
                  "x": 0,
                  "y": 1,
                }
              }
              locations={
                Array [
                  0,
                  0.8,
                ]
              }
              overlayColor="#00676D"
              overlayType="featured"
              startPoint={
                Object {
                  "x": 0,
                  "y": 0,
                }
              }
              style={
                Object {
                  "bottom": 0,
                  "left": 0,
                  "position": "absolute",
                  "right": 0,
                  "top": 0,
                }
              }
            />
          </View>
        </View>
      </View>
    </View>
  </View>
</View>
`;

exports[`the OverlayBackgroundImage component should render with custom overlay color 1`] = `
<View
  onLayout={[Function]}
  pointerEvents="box-none"
  style={
    Object {
      "bottom": 0,
      "left": 0,
      "paddingBottom": 0,
      "paddingLeft": 0,
      "paddingRight": 0,
      "paddingTop": 20,
      "position": "absolute",
      "right": 0,
      "top": 0,
    }
  }
>
  <View
    onLayout={[Function]}
    style={
      Object {
        "flex": 1,
      }
    }
  />
  <View
    style={
      Object {
        "bottom": 0,
        "left": 0,
        "position": "absolute",
        "right": 0,
        "top": 0,
      }
    }
  >
    <View
      onLayout={[Function]}
      style={
        Object {
          "aspectRatio": 1,
          "width": "100%",
        }
      }
    >
      <View
        containerWidth={750}
        rounded={true}
        style={
          Object {
            "borderRadius": 3000,
            "bottom": 0,
            "left": "-200%",
            "overflow": "hidden",
            "position": "absolute",
            "right": "-200%",
            "top": "-400%",
          }
        }
      >
        <View
          style={
            Object {
              "bottom": 0,
              "height": "20%",
              "left": "40%",
              "overflow": "hidden",
              "position": "absolute",
              "right": "40%",
            }
          }
        >
          <View
            style={
              Object {
                "backgroundColor": "red",
                "bottom": 0,
                "left": 0,
                "overflow": "hidden",
                "position": "absolute",
                "right": 0,
                "top": 0,
                "width": "100%",
              }
            }
          >
            <View
              style={
                Array [
                  Object {
                    "overflow": "hidden",
                  },
                  Array [
                    Object {},
                    Object {
                      "backgroundColor": "#A5A5A5",
                      "bottom": 0,
                      "left": 0,
                      "position": "absolute",
                      "resizeMode": "cover",
                      "right": 0,
                      "top": 0,
                      "width": "100%",
                    },
                  ],
                ]
              }
            >
              <FastImageView
                onFastImageLoad={[Function]}
                resizeMode="cover"
                source={
                  Object {
                    "uri": "https://picsum.photos/600/600",
                  }
                }
                style={
                  Object {
                    "bottom": 0,
                    "left": 0,
                    "position": "absolute",
                    "right": 0,
                    "top": 0,
                  }
                }
              />
            </View>
            <BVLinearGradient
              colors={
                Array [
                  3019833344,
                  3019833344,
                ]
              }
              endPoint={
                Object {
                  "x": 0,
                  "y": 1,
                }
              }
              locations={
                Array [
                  0,
                  1,
                ]
              }
              overlayColor="red"
              overlayType="medium"
              startPoint={
                Object {
                  "x": 0,
                  "y": 0,
                }
              }
              style={
                Object {
                  "bottom": 0,
                  "left": 0,
                  "position": "absolute",
                  "right": 0,
                  "top": 0,
                }
              }
            />
          </View>
        </View>
      </View>
    </View>
  </View>
</View>
`;

exports[`the OverlayBackgroundImage component should render with custom size 1`] = `
<View
  onLayout={[Function]}
  pointerEvents="box-none"
  style={
    Object {
      "bottom": 0,
      "left": 0,
      "paddingBottom": 0,
      "paddingLeft": 0,
      "paddingRight": 0,
      "paddingTop": 20,
      "position": "absolute",
      "right": 0,
      "top": 0,
    }
  }
>
  <View
    onLayout={[Function]}
    style={
      Object {
        "flex": 1,
      }
    }
  />
  <View
    style={
      Object {
        "bottom": 0,
        "left": 0,
        "position": "absolute",
        "right": 0,
        "top": 0,
      }
    }
  >
    <View
      onLayout={[Function]}
      style={
        Object {
          "aspectRatio": undefined,
          "height": "75%",
          "width": "100%",
        }
      }
    >
      <View
        containerWidth={750}
        rounded={true}
        style={
          Object {
            "borderRadius": 3000,
            "bottom": 0,
            "left": "-200%",
            "overflow": "hidden",
            "position": "absolute",
            "right": "-200%",
            "top": "-400%",
          }
        }
      >
        <View
          style={
            Object {
              "bottom": 0,
              "height": "20%",
              "left": "40%",
              "overflow": "hidden",
              "position": "absolute",
              "right": "40%",
            }
          }
        >
          <View
            style={
              Object {
                "backgroundColor": "red",
                "bottom": 0,
                "left": 0,
                "overflow": "hidden",
                "position": "absolute",
                "right": 0,
                "top": 0,
                "width": "100%",
              }
            }
          >
            <View
              style={
                Array [
                  Object {
                    "overflow": "hidden",
                  },
                  Array [
                    Object {},
                    Object {
                      "backgroundColor": "#A5A5A5",
                      "bottom": 0,
                      "left": 0,
                      "position": "absolute",
                      "resizeMode": "cover",
                      "right": 0,
                      "top": 0,
                      "width": "100%",
                    },
                  ],
                ]
              }
            >
              <FastImageView
                onFastImageLoad={[Function]}
                resizeMode="cover"
                source={
                  Object {
                    "uri": "https://picsum.photos/600/600",
                  }
                }
                style={
                  Object {
                    "bottom": 0,
                    "left": 0,
                    "position": "absolute",
                    "right": 0,
                    "top": 0,
                  }
                }
              />
            </View>
          </View>
        </View>
      </View>
    </View>
  </View>
</View>
`;
