// Jest Snapshot v1, https://goo.gl/fbAQLP

exports[`Auth Store logs a user out 1`] = `
InMemoryCache {
  "addTypename": true,
  "cacheKeyRoot": KeyTrie {
    "weakness": true,
  },
  "config": Object {
    "addTypename": true,
    "dataIdFromObject": [Function],
    "fragmentMatcher": HeuristicFragmentMatcher {},
    "freezeResults": false,
    "resultCaching": true,
  },
  "data": DepTrackingCache {
    "data": Object {
      "ROOT_QUERY": Object {
        "authToken": "some-auth-token",
      },
    },
    "depend": [Function],
  },
  "maybeBroadcastWatch": [Function],
  "optimisticData": DepTrackingCache {
    "data": Object {
      "ROOT_QUERY": Object {
        "authToken": "some-auth-token",
      },
    },
    "depend": [Function],
  },
  "silenceBroadcast": false,
  "storeReader": StoreReader {
    "executeSelectionSet": [Function],
    "executeStoreQuery": [Function],
    "executeSubSelectedArray": [Function],
    "freezeResults": false,
  },
  "storeWriter": StoreWriter {},
  "typenameDocumentCache": Map {
    Object {
      "definitions": Array [
        Object {
          "kind": "OperationDefinition",
          "name": Object {
            "kind": "Name",
            "value": "GeneratedClientQuery",
          },
          "operation": "query",
          "selectionSet": Object {
            "kind": "SelectionSet",
            "selections": Array [
              Object {
                "kind": "Field",
                "name": Object {
                  "kind": "Name",
                  "value": "authToken",
                },
                "selectionSet": undefined,
              },
            ],
          },
        },
      ],
      "kind": "Document",
    } => Object {
      "definitions": Array [
        Object {
          "kind": "OperationDefinition",
          "name": Object {
            "kind": "Name",
            "value": "GeneratedClientQuery",
          },
          "operation": "query",
          "selectionSet": Object {
            "kind": "SelectionSet",
            "selections": Array [
              Object {
                "kind": "Field",
                "name": Object {
                  "kind": "Name",
                  "value": "authToken",
                },
                "selectionSet": undefined,
              },
            ],
          },
        },
      ],
      "kind": "Document",
    },
    Object {
      "definitions": Array [
        Object {
          "directives": Array [],
          "kind": "OperationDefinition",
          "name": Object {
            "kind": "Name",
            "value": "track",
          },
          "operation": "mutation",
          "selectionSet": Object {
            "kind": "SelectionSet",
            "selections": Array [
              Object {
                "alias": undefined,
                "arguments": Array [
                  Object {
                    "kind": "Argument",
                    "name": Object {
                      "kind": "Name",
                      "value": "properties",
                    },
                    "value": Object {
                      "kind": "Variable",
                      "name": Object {
                        "kind": "Name",
                        "value": "properties",
                      },
                    },
                  },
                  Object {
                    "kind": "Argument",
                    "name": Object {
                      "kind": "Name",
                      "value": "eventName",
                    },
                    "value": Object {
                      "kind": "Variable",
                      "name": Object {
                        "kind": "Name",
                        "value": "eventName",
                      },
                    },
                  },
                ],
                "directives": Array [
                  Object {
                    "arguments": Array [],
                    "kind": "Directive",
                    "name": Object {
                      "kind": "Name",
                      "value": "client",
                    },
                  },
                ],
                "kind": "Field",
                "name": Object {
                  "kind": "Name",
                  "value": "track",
                },
                "selectionSet": undefined,
              },
            ],
          },
          "variableDefinitions": Array [
            Object {
              "defaultValue": undefined,
              "kind": "VariableDefinition",
              "type": Object {
                "kind": "NonNullType",
                "type": Object {
                  "kind": "ListType",
                  "type": Object {
                    "kind": "NamedType",
                    "name": Object {
                      "kind": "Name",
                      "value": "AnalyticsMetaField",
                    },
                  },
                },
              },
              "variable": Object {
                "kind": "Variable",
                "name": Object {
                  "kind": "Name",
                  "value": "properties",
                },
              },
            },
            Object {
              "defaultValue": undefined,
              "kind": "VariableDefinition",
              "type": Object {
                "kind": "NonNullType",
                "type": Object {
                  "kind": "NamedType",
                  "name": Object {
                    "kind": "Name",
                    "value": "String",
                  },
                },
              },
              "variable": Object {
                "kind": "Variable",
                "name": Object {
                  "kind": "Name",
                  "value": "eventName",
                },
              },
            },
          ],
        },
      ],
      "kind": "Document",
      "loc": Object {
        "end": 147,
        "start": 0,
      },
    } => Object {
      "definitions": Array [
        Object {
          "directives": Array [],
          "kind": "OperationDefinition",
          "name": Object {
            "kind": "Name",
            "value": "track",
          },
          "operation": "mutation",
          "selectionSet": Object {
            "kind": "SelectionSet",
            "selections": Array [
              Object {
                "alias": undefined,
                "arguments": Array [
                  Object {
                    "kind": "Argument",
                    "name": Object {
                      "kind": "Name",
                      "value": "properties",
                    },
                    "value": Object {
                      "kind": "Variable",
                      "name": Object {
                        "kind": "Name",
                        "value": "properties",
                      },
                    },
                  },
                  Object {
                    "kind": "Argument",
                    "name": Object {
                      "kind": "Name",
                      "value": "eventName",
                    },
                    "value": Object {
                      "kind": "Variable",
                      "name": Object {
                        "kind": "Name",
                        "value": "eventName",
                      },
                    },
                  },
                ],
                "directives": Array [
                  Object {
                    "arguments": Array [],
                    "kind": "Directive",
                    "name": Object {
                      "kind": "Name",
                      "value": "client",
                    },
                  },
                ],
                "kind": "Field",
                "name": Object {
                  "kind": "Name",
                  "value": "track",
                },
                "selectionSet": undefined,
              },
            ],
          },
          "variableDefinitions": Array [
            Object {
              "defaultValue": undefined,
              "kind": "VariableDefinition",
              "type": Object {
                "kind": "NonNullType",
                "type": Object {
                  "kind": "ListType",
                  "type": Object {
                    "kind": "NamedType",
                    "name": Object {
                      "kind": "Name",
                      "value": "AnalyticsMetaField",
                    },
                  },
                },
              },
              "variable": Object {
                "kind": "Variable",
                "name": Object {
                  "kind": "Name",
                  "value": "properties",
                },
              },
            },
            Object {
              "defaultValue": undefined,
              "kind": "VariableDefinition",
              "type": Object {
                "kind": "NonNullType",
                "type": Object {
                  "kind": "NamedType",
                  "name": Object {
                    "kind": "Name",
                    "value": "String",
                  },
                },
              },
              "variable": Object {
                "kind": "Variable",
                "name": Object {
                  "kind": "Name",
                  "value": "eventName",
                },
              },
            },
          ],
        },
      ],
      "kind": "Document",
      "loc": Object {
        "end": 147,
        "start": 0,
      },
    },
  },
  "watches": Set {},
}
`;
