// Jest Snapshot v1, https://goo.gl/fbAQLP

exports[`the ProgressiveImage component should render 1`] = `
<View
  style={
    Object {
      "backgroundColor": "#A5A5A5",
      "width": "100%",
    }
  }
>
  <View
    style={
      Array [
        Object {
          "overflow": "hidden",
        },
        Array [
          Object {},
          Object {
            "backgroundColor": "#A5A5A5",
            "resizeMode": "cover",
            "width": "100%",
          },
        ],
      ]
    }
  >
    <FastImageView
      blurRadius={2}
      onFastImageLoad={[Function]}
      resizeMode="cover"
      source={
        Object {
          "height": 50,
          "uri": "https://placeholdit.co/i/50x50",
          "width": 50,
        }
      }
      style={
        Object {
          "bottom": 0,
          "left": 0,
          "position": "absolute",
          "right": 0,
          "top": 0,
        }
      }
    />
  </View>
  <View
    style={
      Array [
        Object {
          "overflow": "hidden",
        },
        Array [
          Object {},
          Object {
            "backgroundColor": "#A5A5A5",
            "resizeMode": "cover",
            "width": "100%",
          },
        ],
      ]
    }
  >
    <FastImageView
      onFastImageLoad={[Function]}
      resizeMode="cover"
      source={
        Object {
          "height": 1500,
          "uri": "https://placeholdit.co/i/1500x1500",
          "width": 1500,
        }
      }
      style={
        Object {
          "bottom": 0,
          "left": 0,
          "position": "absolute",
          "right": 0,
          "top": 0,
        }
      }
    />
  </View>
</View>
`;
